// Jest Snapshot v1, https://goo.gl/fbAQLP

exports[`error tests cant load resource 1`] = `"received is not a function"`;

exports[`error tests incorrect url 1`] = `"received is not a function"`;

exports[`error tests wrong output 1`] = `"received is not a function"`;
